---
source: crates/rymx/tests/full.rs
expression: diag.stages_dump() + &diag.reports_dump()
input_file: crates/rymx/tests/mini/strings.rym
---
--- tokenize ---
Const [const]
HSpace [ ]
Ident [long]
HSpace [ ]
Assign [=]
HSpace [ ]
String [\"Hello World!\"]
VSpace [\n]
HSpace [\t]
Plus [+]
HSpace [ ]
String [\"\\\" --- \' --- \\\" --- ’ --- \\\"\"]
VSpace [\n]
HSpace [\t]
Plus [+]
HSpace [ ]
Char [\'c\']
VSpace [\n]
HSpace [\t]
Plus [+]
HSpace [ ]
Char [\'\\\'\']
VSpace [\n]
HSpace [\t]
Plus [+]
HSpace [ ]
Char [\'invalid\']
Semi [;]
VSpace [\n]

--- parse ---

--- reports ---
found Char at 67..70 expected something else
