---
source: crates/rymx/tests/full.rs
expression: "String::from_utf8(out).unwrap()"
input_file: crates/rymx/tests/other/strings.rym
---
Debug: Finished tokenizing
Const [const]
HSpace [ ]
Ident [long]
HSpace [ ]
Assign [=]
HSpace [ ]
String [\"Hello World!\"]
VSpace [\n]
HSpace [\t]
Plus [+]
HSpace [ ]
String [\"\\\" --- \' --- \\\" --- ’ --- \\\"\"]
VSpace [\n]
HSpace [\t]
Plus [+]
HSpace [ ]
String [\'c\']
VSpace [\n]
HSpace [\t]
Plus [+]
HSpace [ ]
String [\'\\\'\']
VSpace [\n]
HSpace [\t]
Plus [+]
HSpace [ ]
String [\'invalid\']
Semi [;]
VSpace [\n]

Debug: Finished parsing
Some(
    Module {
        name: "",
        constants: [
            (
                "long",
                Unkown,
                Add(
                    Add(
                        Add(
                            Add(
                                Literal(String: "Hello World!"),
                                Literal(String: "\\\" --- ' --- \\\" --- ’ --- \\\""),
                            ),
                            Literal(String: "c"),
                        ),
                        Literal(String: "\\'"),
                    ),
                    Literal(String: "invalid"),
                ),
            ),
        ],
        types: [],
        sub_modules: [],
    },
)


