---
source: crates/rymx/tests/full.rs
expression: diag.outputs_dump() + &diag.reports_dump()
input_file: crates/rymx/tests/hello_world.rym
---
--- tokenize ---
Fn [fn]
HSpace [ ]
Ident [main]
ParenOpen [(]
ParenClose [)]
HSpace [ ]
ThickArrow [=>]
HSpace [ ]
BraceOpen [{]
VSpace [\n]
HSpace [    ]
Ident [println]
ParenOpen [(]
String [\"Hello World!\"]
ParenClose [)]
Semi [;]
VSpace [\n]
BraceClose [}]
VSpace [\n]

--- parse ---
Module {
    name: "",
    constants: [
        (
            "main",
            Unkown,
            Function {
                params: [],
                named_params: {},
                return_type: Unit,
                body: Block(
                    [
                        Expr(
                            Call(
                                Ident("println"),
                                [
                                    Literal(String: "Hello World!"),
                                ],
                            ),
                        ),
                    ],
                ),
            },
        ),
    ],
    types: [],
    sub_modules: [],
}

--- interpret ---
const assert = extern fn(1)
const assert_eq = extern fn(2)
const false = false
const fib_native = extern fn(1)
const main = fn() ()
const print = extern fn(..[]TODO)
const println = extern fn(..[]TODO)
const read_to_string = extern fn(1)
const true = true

--- reports ---

