---
source: crates/rymx/tests/full.rs
expression: diag.outputs_dump() + &diag.reports_dump()
input_file: crates/rymx/tests/compare.rym
---
--- tokenize ---
Const [const]
HSpace [ ]
Ident [int_eq_0]
HSpace [ ]
Assign [=]
HSpace [ ]
Int [0]
HSpace [ ]
Eq [==]
HSpace [ ]
Int [0]
Semi [;]
VSpace [\n]
Const [const]
HSpace [ ]
Ident [int_eq_1]
HSpace [ ]
Assign [=]
HSpace [ ]
Int [1]
HSpace [ ]
Eq [==]
HSpace [ ]
Int [1]
Semi [;]
VSpace [\n]
Const [const]
HSpace [ ]
Ident [int_eq_2]
HSpace [ ]
Assign [=]
HSpace [ ]
Int [1]
HSpace [ ]
Eq [==]
HSpace [ ]
Int [2]
Semi [;]
VSpace [\n]
Const [const]
HSpace [ ]
Ident [int_eq_3]
HSpace [ ]
Assign [=]
HSpace [ ]
Int [1]
HSpace [ ]
GreaterThan [>]
HSpace [ ]
Int [2]
Semi [;]
VSpace [\n]
Const [const]
HSpace [ ]
Ident [int_eq_4]
HSpace [ ]
Assign [=]
HSpace [ ]
Int [1]
HSpace [ ]
LessThanEq [<=]
HSpace [ ]
Int [2]
Semi [;]
VSpace [\n]
Const [const]
HSpace [ ]
Ident [int_eq_5]
HSpace [ ]
Assign [=]
HSpace [ ]
Int [255]
HSpace [ ]
Eq [==]
HSpace [ ]
Minus [-]
Int [2132426873]
Semi [;]
VSpace [\n]
Const [const]
HSpace [ ]
Ident [int_eq_6]
HSpace [ ]
Assign [=]
HSpace [ ]
Minus [-]
Int [2132426873]
HSpace [ ]
Eq [==]
HSpace [ ]
Minus [-]
Int [2132426873]
Semi [;]
VSpace [\n\n]
Const [const]
HSpace [ ]
Ident [fn_native_eq_0]
HSpace [ ]
Assign [=]
HSpace [ ]
Ident [print]
HSpace [ ]
Eq [==]
HSpace [ ]
Ident [print]
Semi [;]
VSpace [\n]
Const [const]
HSpace [ ]
Ident [fn_native_eq_1]
HSpace [ ]
Assign [=]
HSpace [ ]
Ident [print]
HSpace [ ]
Eq [==]
HSpace [ ]
ParenOpen [(]
Fn [fn]
ParenOpen [(]
ParenClose [)]
HSpace [ ]
ThickArrow [=>]
HSpace [ ]
Ident [print]
ParenClose [)]
Semi [;]
VSpace [\n]
Const [const]
HSpace [ ]
Ident [fn_native_eq_2]
HSpace [ ]
Assign [=]
HSpace [ ]
Ident [print]
HSpace [ ]
Eq [==]
HSpace [ ]
ParenOpen [(]
Fn [fn]
ParenOpen [(]
ParenClose [)]
HSpace [ ]
ThickArrow [=>]
HSpace [ ]
Ident [print]
ParenClose [)]
ParenOpen [(]
ParenClose [)]
Semi [;]
VSpace [\n]

--- parse ---
Module {
    name: "",
    constants: [
        (
            "int_eq_0",
            Eq(
                Literal(Int 0),
                Literal(Int 0),
            ),
        ),
        (
            "int_eq_1",
            Eq(
                Literal(Int 1),
                Literal(Int 1),
            ),
        ),
        (
            "int_eq_2",
            Eq(
                Literal(Int 1),
                Literal(Int 2),
            ),
        ),
        (
            "int_eq_3",
            GreaterThan(
                Literal(Int 1),
                Literal(Int 2),
            ),
        ),
        (
            "int_eq_4",
            LessThanEq(
                Literal(Int 1),
                Literal(Int 2),
            ),
        ),
        (
            "int_eq_5",
            Eq(
                Literal(Int 255),
                Neg(
                    Literal(Int 2132426873),
                ),
            ),
        ),
        (
            "int_eq_6",
            Eq(
                Neg(
                    Literal(Int 2132426873),
                ),
                Neg(
                    Literal(Int 2132426873),
                ),
            ),
        ),
        (
            "fn_native_eq_0",
            Eq(
                Ident("print"),
                Ident("print"),
            ),
        ),
        (
            "fn_native_eq_1",
            Eq(
                Ident("print"),
                Function {
                    params: [],
                    body: Ident("print"),
                },
            ),
        ),
        (
            "fn_native_eq_2",
            Eq(
                Ident("print"),
                Call(
                    Function {
                        params: [],
                        body: Ident("print"),
                    },
                    [],
                ),
            ),
        ),
    ],
    children: [],
}

--- interpret ---
const assert = fn<native> (1)
const assert_eq = fn<native> (2)
const fib_native = fn<native> (1)
const fn_native_eq_0 = true
const fn_native_eq_1 = false
const fn_native_eq_2 = true
const int_eq_0 = true
const int_eq_1 = true
const int_eq_2 = false
const int_eq_3 = false
const int_eq_4 = true
const int_eq_5 = false
const int_eq_6 = true
const print = fn<native> (variadic)
const println = fn<native> (variadic)
const read_to_string = fn<native> (1)

--- reports ---

