---
source: crates/rymx/tests/full.rs
expression: diag.outputs_dump() + &diag.reports_dump()
input_file: crates/rymx/tests/hello_world.rym
---
--- tokenize ---
Fn [fn]
HSpace [ ]
Ident [main]
ParenOpen [(]
ParenClose [)]
HSpace [ ]
BraceOpen [{]
VSpace [\n]
HSpace [    ]
Ident [println]
ParenOpen [(]
String [\"Hello World!\"]
ParenClose [)]
Semi [;]
VSpace [\n]
BraceClose [}]
VSpace [\n]

--- parse ---
Module {
    name: "",
    constants: [
        (
            "main",
            Function {
                name: Some(
                    "main",
                ),
                params: [],
                return_type: "()",
                body: Block(
                    [
                        Call(
                            Ident("println"),
                            [
                                Literal(String Hello World!),
                            ],
                        ),
                    ],
                ),
            },
        ),
    ],
    children: [],
}

--- interpret ---
const assert = fn<native> (1)
const assert_eq = fn<native> (2)
const false = false
const fib_native = fn<native> (1)
const main = fn (0)
const print = fn<native> (variadic)
const println = fn<native> (variadic)
const read_to_string = fn<native> (1)
const true = true

--- reports ---

