---
source: crates/rymx/tests/full.rs
expression: "String::from_utf8(out).unwrap()"
input_file: crates/rymx/tests/errors/comparisons.rym
---
Debug: Finished tokenizing
Comment [// TODO Should fail with: Chaining comparison operators is not allowed.]
VSpace [\n]
Const [const]
HSpace [ ]
Ident [test]
HSpace [ ]
Assign [=]
HSpace [ ]
Int [1]
HSpace [ ]
Eq [==]
HSpace [ ]
Int [2]
HSpace [ ]
Eq [==]
HSpace [ ]
Int [3]
Semi [;]
VSpace [\n]

Debug: Finished parsing
Some(
    Module {
        name: "",
        constants: [
            (
                "test",
                Unkown,
                Eq(
                    Eq(
                        Literal(Int: 1),
                        Literal(Int: 2),
                    ),
                    Literal(Int: 3),
                ),
            ),
        ],
        types: [],
        sub_modules: [],
    },
)


