---
source: crates/rymx/tests/full.rs
expression: "String::from_utf8(out).unwrap()"
input_file: crates/rymx/tests/other/main.rym
---
Debug: Finished tokenizing
Comment [// stud]
VSpace [\n]
Fn [fn]
HSpace [ ]
Ident [import]
ParenOpen [(]
Ident [string]
Colon [:]
HSpace [ ]
Ident [String]
ParenClose [)]
HSpace [ ]
Ident [RymModule]
HSpace [ ]
ThickArrow [=>]
HSpace [ ]
BraceOpen [{]
VSpace [\n]
HSpace [\t]
Comment [// TODO]
VSpace [\n]
BraceClose [}]
VSpace [\n\n]
Const [const]
HSpace [ ]
Ident [io]
HSpace [ ]
Assign [=]
HSpace [ ]
Ident [import]
ParenOpen [(]
String [\"std.io\"]
ParenClose [)]
Semi [;]
VSpace [\n]
Const [const]
HSpace [ ]
Ident [ParseError]
HSpace [ ]
Assign [=]
HSpace [ ]
Ident [example_package]
Dot [.]
Ident [Error]
Semi [;]
VSpace [\n\n]
Comment [// use std.io.{self, IoError};]
VSpace [\n]
Comment [// use package.Error as OtherError;]
VSpace [\n]
Comment [// use package.prelude.*;]
VSpace [\n\n]
DocComment [/// Combined error type]
VSpace [\n]
Type [type]
HSpace [ ]
Ident [Error]
HSpace [ ]
Assign [=]
HSpace [ ]
Enum [enum]
VSpace [\n]
HSpace [\t]
Pipe [|]
HSpace [ ]
Ident [Io]
HSpace [ ]
Ident [io]
Dot [.]
Ident [Error]
VSpace [\n]
HSpace [\t]
Pipe [|]
HSpace [ ]
Ident [Parse]
HSpace [ ]
Ident [ParseError]
VSpace [\n]
HSpace [\t]
Pipe [|]
HSpace [ ]
Ident [Other]
HSpace [ ]
Struct [struct]
HSpace [ ]
BraceOpen [{]
HSpace [ ]
Ident [message]
Colon [:]
HSpace [ ]
Ident [String]
HSpace [ ]
BraceClose [}]
Semi [;]
VSpace [\n\n]
Fn [fn]
HSpace [ ]
Ident [main]
ParenOpen [(]
ParenClose [)]
HSpace [ ]
Ident [Result]
BracketOpen [[]
ParenOpen [(]
ParenClose [)]
Comma [,]
HSpace [ ]
Ident [Error]
BracketClose []]
HSpace [ ]
ThickArrow [=>]
HSpace [ ]
BraceOpen [{]
VSpace [\n]
HSpace [\t]
Comment [// TODO read cli arguments]
VSpace [\n]
BraceClose [}]
Semi [;]
VSpace [\n]

Debug: Module {
    name: "",
    constants: [
        (
            "import",
            Unkown,
            Function {
                params: [
                    (
                        "string",
                        Path(
                            Path(["String"]),
                        ),
                    ),
                ],
                named_params: {},
                return_type: Path(
                    Path(["RymModule"]),
                ),
                body: Block(
                    [],
                ),
            },
        ),
        (
            "io",
            Unkown,
            Call(
                Ident("import"),
                [
                    Literal(String: "std.io"),
                ],
            ),
        ),
        (
            "ParseError",
            Unkown,
            FieldAccess(
                Ident("example_package"),
                "Error",
            ),
        ),
        (
            "main",
            Unkown,
            Function {
                params: [],
                named_params: {},
                return_type: Generic(
                    Path(
                        Path(["Result"]),
                    ),
                    [
                        Unit,
                        Path(
                            Path(["Error"]),
                        ),
                    ],
                ),
                body: Block(
                    [],
                ),
            },
        ),
    ],
    types: [
        (
            "Error",
            Enum(
                [
                    (
                        "Io",
                        Some(
                            Path(
                                Path(["io", "Error"]),
                            ),
                        ),
                    ),
                    (
                        "Parse",
                        Some(
                            Path(
                                Path(["ParseError"]),
                            ),
                        ),
                    ),
                    (
                        "Other",
                        Some(
                            Struct(
                                [
                                    (
                                        "message",
                                        Path(
                                            Path(["String"]),
                                        ),
                                        None,
                                    ),
                                ],
                            ),
                        ),
                    ),
                ],
            ),
        ),
    ],
    sub_modules: [],
}



