---
source: crates/rymx/tests/full.rs
expression: diag.outputs_dump() + &diag.reports_dump()
input_file: crates/rymx/tests/mini/hello_world.rym
---
--- tokenize ---
Const [const]
HSpace [ ]
Ident [println]
HSpace [ ]
Assign [=]
HSpace [ ]
Fn [fn]
ParenOpen [(]
Ident [str]
ParenClose [)]
HSpace [ ]
BraceOpen [{]
BraceClose [}]
Semi [;]
HSpace [ ]
Comment [// TODO Remove]
VSpace [\n]
Const [const]
HSpace [ ]
Ident [main]
HSpace [ ]
Assign [=]
HSpace [ ]
Fn [fn]
ParenOpen [(]
ParenClose [)]
HSpace [ ]
Ident [println]
ParenOpen [(]
String [\"Hello World!\"]
ParenClose [)]
Semi [;]
VSpace [\n]

--- parse ---
Module {
    name: "",
    constants: [
        (
            "println",
            Function {
                params: [
                    (
                        "str",
                        (),
                    ),
                ],
                body: Block(
                    [],
                ),
            },
        ),
        (
            "main",
            Function {
                params: [],
                body: Call(
                    Ident("println"),
                    [
                        Literal(String Hello World!),
                    ],
                ),
            },
        ),
    ],
    children: [],
}

--- interpret ---
const main = <function>
const println = <function>

--- reports ---

