---
source: crates/rymx/tests/full.rs
expression: diag.outputs_dump() + &diag.reports_dump()
input_file: crates/rymx/tests/hello_world.rym
---
--- tokenize ---
Const [const]
HSpace [ ]
Ident [main]
HSpace [ ]
Assign [=]
HSpace [ ]
Fn [fn]
ParenOpen [(]
ParenClose [)]
HSpace [ ]
Ident [println]
ParenOpen [(]
String [\"Hello World!\"]
ParenClose [)]
Semi [;]
VSpace [\n]

--- parse ---
Module {
    name: "",
    constants: [
        (
            "main",
            Function {
                params: [],
                body: Call(
                    Ident("println"),
                    [
                        Literal(String Hello World!),
                    ],
                ),
            },
        ),
    ],
    children: [],
}

--- interpret ---
const assert_eq = fn<native> (2)
const main = fn (0)
const println = fn<native> (variadic)

--- reports ---

