---
source: crates/rymx/tests/full.rs
expression: diag.outputs_dump() + &diag.reports_dump()
input_file: crates/rymx/tests/mini/prelude.rym
---
--- tokenize ---
Const [const]
HSpace [ ]
Ident [println]
HSpace [ ]
Assign [=]
HSpace [ ]
Ident [fn]
ParenOpen [(]
Ident [fmt]
Colon [:]
HSpace [ ]
Ident [String]
Comma [,]
HSpace [ ]
DotDot [..]
Ident [args]
Colon [:]
HSpace [ ]
BracketOpen [[]
Impl [impl]
HSpace [ ]
Ident [Display]
BracketClose []]
ParenClose [)]
HSpace [ ]
Assign [=]
GreaterThan [>]
HSpace [ ]
BraceOpen [{]
VSpace [\n]
HSpace [\t]
Comment [// TODO]
VSpace [\n]
BraceClose [}]
Semi [;]
VSpace [\n]

--- parse ---

--- reports ---
Error: 
   ╭─[/home/simon/dev/rym/crates/rymx/tests/mini/prelude.rym:1:1]
   │
 1 │ const println = fn(fmt: String, ..args: [impl Display]) => {
   │                   ┬  
   │                   ╰── ExpectedFound { expected: [], found: Some(ParenOpen) }
───╯

