---
source: src/tests/expr.rs
expression: "&snapshot"
---
--- Input ---
(testing}
---

None

--- Errors ---
[
    ParseError {
        label: None,
        span: 8..9,
        reason: Unexpected,
        found: CloseBrace,
        expected: [
            Plus,
            Minus,
            Star,
            Slash,
            BangEq,
            Eq,
            EqEq,
            LessThan,
            GreaterThan,
            OpenParen,
            CloseParen,
            OpenBrace,
        ],
    },
]
---
