---
source: src/tests/expr.rs
expression: "&snapshot"
---
--- Input ---
((testing)
---

None

--- Errors ---
[
    Error {
        label: Some(
            Expression,
        ),
        span: 4..4,
        reason: Unexpected,
        found: Eof,
        expected: [
            Plus,
            Minus,
            Star,
            Slash,
            BangEq,
            EqEq,
            LessThan,
            GreaterThan,
            OpenParen,
            CloseParen,
        ],
    },
]
---
