---
source: src/tests/modules.rs
expression: "&snapshot"
---
--- Input ---
mod name {
	func testing() {}
	let this = testing();
}
---

Some(
    (
        Module {
            name: Some(
                (
                    "name",
                    4..8,
                ),
            ),
            items: [
                (
                    Func {
                        name: (
                            "testing",
                            17..24,
                        ),
                        params: [],
                        rhs: Some(
                            (
                                Block(
                                    [],
                                ),
                                27..29,
                            ),
                        ),
                    },
                    12..29,
                ),
                (
                    Binding {
                        name: (
                            "this",
                            35..39,
                        ),
                        rhs: (
                            Call(
                                (
                                    Ident("testing"),
                                    42..49,
                                ),
                                [],
                            ),
                            42..51,
                        ),
                    },
                    31..52,
                ),
            ],
        },
        0..54,
    ),
)

--- Errors ---
[]
---
