---
source: src/tests/expr.rs
expression: "&snapshot"
---
--- Input ---
{ testing )}
---

Some(
    Spanned(
        Block(
            [],
        ),
        0..12,
    ),
)

--- Errors ---
[
    ParseError {
        span: 10..11,
        reason: ExpectedFound {
            expected: [
                Semi,
                Plus,
                Minus,
                Star,
                Slash,
                BangEq,
                Eq,
                EqEq,
                LessThan,
                GreaterThan,
                OpenParen,
                OpenBrace,
            ],
            found: Some(
                CloseParen,
            ),
        },
    },
]
---
