---
source: src/tests/expr.rs
expression: "&snapshot"
---
--- Input ---
( / 888)
---

Some(
    Spanned(
        Error,
        0..8,
    ),
)

--- Errors ---
[
    ParseError {
        label: None,
        span: 2..3,
        reason: Unexpected,
        found: Slash,
        expected: [
            Dot,
            Minus,
            Bang,
            Break,
            Continue,
            If,
            Loop,
            Return,
            OpenParen,
            OpenBrace,
        ],
    },
]
---
