---
source: src/tests/expr.rs
expression: "&snapshot"
---
--- Input ---
{ /&$/&/$ }
---

Some(
    Spanned(
        Block(
            [
                Error,
            ],
        ),
        0..11,
    ),
)

--- Errors ---
[
    ParseError {
        span: 2..3,
        reason: ExpectedFound {
            expected: [
                CloseBrace,
                Expression,
            ],
            found: Some(
                Slash,
            ),
        },
    },
]
---
