---
source: src/tests/expr.rs
expression: "&snapshot"
---
--- Input ---
testing(,)(correct_one, 2)(, aerr, "stuff")
---

Some(
    Spanned(
        Call(
            Spanned(
                Call(
                    Spanned(
                        Call(
                            Spanned(
                                Ident("testing"),
                                0..7,
                            ),
                            [
                                Spanned(
                                    Error,
                                    7..10,
                                ),
                            ],
                        ),
                        0..10,
                    ),
                    [
                        Spanned(
                            Ident("correct_one"),
                            11..22,
                        ),
                        Spanned(
                            Int(2),
                            24..25,
                        ),
                    ],
                ),
                0..26,
            ),
            [
                Spanned(
                    Error,
                    26..43,
                ),
            ],
        ),
        0..43,
    ),
)

--- Errors ---
[
    ParseError {
        span: 8..9,
        reason: ExpectedFound {
            expected: [
                CloseParen,
                Expression,
            ],
            found: Some(
                Comma,
            ),
        },
    },
    ParseError {
        span: 27..28,
        reason: ExpectedFound {
            expected: [
                CloseParen,
                Expression,
            ],
            found: Some(
                Comma,
            ),
        },
    },
]
---
