---
source: src/test.rs
expression: "&snapshot"
---
--- Input ---
(1 +)
---

Some(
    (
        Error,
        0..5,
    ),
)

--- Errors ---
[
    Error {
        label: Some(
            Expression,
        ),
        span: 4..5,
        reason: Unexpected,
        found: CloseParen,
        expected: [
            Minus,
            Bang,
            OpenParen,
        ],
    },
]
---
