---
source: src/tests/expr.rs
expression: "&snapshot"
---
--- Input ---
if {1;) then _
---

Some(
    Spanned(
        If {
            condition: Spanned(
                Error,
                0..12,
            ),
            then_branch: Spanned(
                Ident("_"),
                13..14,
            ),
            else_branch: None,
        },
        0..14,
    ),
)

--- Errors ---
[
    ParseError {
        label: None,
        span: 6..7,
        reason: Unexpected,
        found: CloseParen,
        expected: [
            Dot,
            Minus,
            Bang,
            Break,
            Continue,
            Func,
            If,
            Let,
            Loop,
            Mod,
            Return,
            OpenParen,
            OpenBrace,
            CloseBrace,
        ],
    },
]
---
