---
source: src/tests/modules.rs
expression: "&snapshot"
---
--- Input ---
mod name
---

Some(
    Spanned(
        Module {
            name: Some(
                Spanned(
                    "name",
                    4..8,
                ),
            ),
            items: [],
        },
        0..8,
    ),
)

--- Errors ---
[
    ParseError {
        span: 2..8,
        reason: ExpectedFound {
            expected: [
                Semi,
                OpenBrace,
            ],
            found: None,
        },
    },
]
---
