---
source: src/tests/expr.rs
expression: "&snapshot"
---
--- Input ---
testing(1 + / 2)
---

Some(
    Spanned(
        Call(
            Spanned(
                Ident("testing"),
                0..7,
            ),
            [
                Spanned(
                    Error,
                    7..16,
                ),
            ],
        ),
        0..16,
    ),
)

--- Errors ---
[
    ParseError {
        label: None,
        span: 12..13,
        reason: Unexpected,
        found: Slash,
        expected: [
            Minus,
            Bang,
            OpenParen,
        ],
    },
]
---
