---
source: src/tests/expr.rs
expression: "&snapshot"
---
--- Input ---
if true then { print("Hello Universe!"); }
---

Some(
    Spanned(
        If {
            condition: Spanned(
                Ident("true"),
                3..7,
            ),
            then_branch: Spanned(
                Block(
                    [
                        Expr(
                            Spanned(
                                Call(
                                    Spanned(
                                        Ident("print"),
                                        15..20,
                                    ),
                                    [
                                        Spanned(
                                            String("Hello Universe!"),
                                            21..38,
                                        ),
                                    ],
                                ),
                                15..39,
                            ),
                        ),
                    ],
                ),
                13..42,
            ),
            else_branch: None,
        },
        0..42,
    ),
)

--- Errors ---
[]
---
