---
source: src/tests/modules.rs
expression: "&snapshot"
---
--- Input ---
mod
---

Some(
    Spanned(
        Module {
            name: None,
            items: [],
        },
        0..3,
    ),
)

--- Errors ---
[
    ParseError {
        label: None,
        span: 1..3,
        reason: Unexpected,
        found: Eof,
        expected: [
            Semi,
            OpenBrace,
        ],
    },
]
---
