---
source: src/test.rs
expression: "&snapshot"
---
--- Input ---
lhs == rhs
---

Some(
    (
        Binary(
            (
                Ident("lhs"),
                0..3,
            ),
            Eq,
            (
                Ident("rhs"),
                7..10,
            ),
        ),
        0..10,
    ),
)

--- Errors ---
[]
---
