---
source: src/tests/expr.rs
expression: "&snapshot"
---
--- Input ---
{ testing )
---

None

--- Errors ---
[
    ParseError {
        label: None,
        span: 10..11,
        reason: Unexpected,
        found: CloseParen,
        expected: [
            Semi,
            Plus,
            Minus,
            Star,
            Slash,
            BangEq,
            Eq,
            EqEq,
            LessThan,
            GreaterThan,
            OpenParen,
            OpenBrace,
        ],
    },
]
---
