---
source: src/tests/expr.rs
expression: "&snapshot"
---
--- Input ---
{
	let /* mut */ counter = 0;

	loop
		if counter > 10 then
			break
		else
			counter = counter + 1;

	loop (
		if (counter > 10) then (break) else (counter = counter + 1)
	);

	loop {
		if counter > 10 then {
			break;
		} else {
			counter = counter + 1;
		};
	};
}
---

Some(
    (
        Block(
            [
                Item(
                    (
                        Binding {
                            name: (
                                "counter",
                                17..24,
                            ),
                            rhs: (
                                Int(0),
                                27..28,
                            ),
                        },
                        3..29,
                    ),
                ),
                Expr(
                    (
                        Loop(
                            (
                                If {
                                    condition: (
                                        Binary(
                                            (
                                                Ident("counter"),
                                                42..49,
                                            ),
                                            Greater,
                                            (
                                                Int(10),
                                                52..54,
                                            ),
                                        ),
                                        42..54,
                                    ),
                                    then_branch: (
                                        Break(
                                            None,
                                        ),
                                        63..68,
                                    ),
                                    else_branch: Some(
                                        (
                                            Assign {
                                                name: (
                                                    "counter",
                                                    79..86,
                                                ),
                                                rhs: (
                                                    Binary(
                                                        (
                                                            Ident("counter"),
                                                            89..96,
                                                        ),
                                                        Add,
                                                        (
                                                            Int(1),
                                                            99..100,
                                                        ),
                                                    ),
                                                    89..100,
                                                ),
                                            },
                                            79..100,
                                        ),
                                    ),
                                },
                                39..100,
                            ),
                        ),
                        32..100,
                    ),
                ),
                Expr(
                    (
                        Loop(
                            (
                                If {
                                    condition: (
                                        Binary(
                                            (
                                                Ident("counter"),
                                                117..124,
                                            ),
                                            Greater,
                                            (
                                                Int(10),
                                                127..129,
                                            ),
                                        ),
                                        117..129,
                                    ),
                                    then_branch: (
                                        Break(
                                            None,
                                        ),
                                        137..142,
                                    ),
                                    else_branch: Some(
                                        (
                                            Assign {
                                                name: (
                                                    "counter",
                                                    150..157,
                                                ),
                                                rhs: (
                                                    Binary(
                                                        (
                                                            Ident("counter"),
                                                            160..167,
                                                        ),
                                                        Add,
                                                        (
                                                            Int(1),
                                                            170..171,
                                                        ),
                                                    ),
                                                    160..171,
                                                ),
                                            },
                                            150..171,
                                        ),
                                    ),
                                },
                                113..172,
                            ),
                        ),
                        104..175,
                    ),
                ),
                Expr(
                    (
                        Loop(
                            (
                                Block(
                                    [
                                        Expr(
                                            (
                                                If {
                                                    condition: (
                                                        Binary(
                                                            (
                                                                Ident("counter"),
                                                                191..198,
                                                            ),
                                                            Greater,
                                                            (
                                                                Int(10),
                                                                201..203,
                                                            ),
                                                        ),
                                                        191..203,
                                                    ),
                                                    then_branch: (
                                                        Block(
                                                            [
                                                                Expr(
                                                                    (
                                                                        Break(
                                                                            None,
                                                                        ),
                                                                        214..219,
                                                                    ),
                                                                ),
                                                            ],
                                                        ),
                                                        209..224,
                                                    ),
                                                    else_branch: Some(
                                                        (
                                                            Block(
                                                                [
                                                                    Expr(
                                                                        (
                                                                            Assign {
                                                                                name: (
                                                                                    "counter",
                                                                                    235..242,
                                                                                ),
                                                                                rhs: (
                                                                                    Binary(
                                                                                        (
                                                                                            Ident("counter"),
                                                                                            245..252,
                                                                                        ),
                                                                                        Add,
                                                                                        (
                                                                                            Int(1),
                                                                                            255..256,
                                                                                        ),
                                                                                    ),
                                                                                    245..256,
                                                                                ),
                                                                            },
                                                                            235..256,
                                                                        ),
                                                                    ),
                                                                ],
                                                            ),
                                                            230..261,
                                                        ),
                                                    ),
                                                },
                                                188..261,
                                            ),
                                        ),
                                    ],
                                ),
                                184..265,
                            ),
                        ),
                        179..265,
                    ),
                ),
            ],
        ),
        0..268,
    ),
)

--- Errors ---
[]
---
