---
source: src/tests/expr.rs
expression: "&snapshot"
---
--- Input ---
{ testing )
---

None

--- Errors ---
[
    Error {
        label: Some(
            Block,
        ),
        span: 10..11,
        reason: Unexpected,
        found: CloseParen,
        expected: [
            Semi,
            Dot,
            Plus,
            Minus,
            Star,
            Slash,
            Bang,
            BangEq,
            EqEq,
            LessThan,
            GreaterThan,
            Break,
            Const,
            Continue,
            Func,
            If,
            Loop,
            Mod,
            Mut,
            Return,
            OpenParen,
            OpenBrace,
            CloseBrace,
        ],
    },
]
---
