---
source: src/tests/expr.rs
expression: "&snapshot"
---
--- Input ---
(make_func())()()()
---

Some(
    Spanned(
        Call(
            Spanned(
                Call(
                    Spanned(
                        Call(
                            Spanned(
                                Call(
                                    Spanned(
                                        Ident("make_func"),
                                        1..10,
                                    ),
                                    [],
                                ),
                                1..12,
                            ),
                            [],
                        ),
                        1..15,
                    ),
                    [],
                ),
                1..17,
            ),
            [],
        ),
        1..19,
    ),
)

--- Errors ---
[]
---
