---
source: src/tests/expr.rs
expression: "&snapshot"
---
--- Input ---
{
	testing;
	testing;
}
---

Some(
    Spanned(
        Block(
            [
                Expr(
                    Spanned(
                        Ident("testing"),
                        3..10,
                    ),
                ),
                Expr(
                    Spanned(
                        Ident("testing"),
                        13..20,
                    ),
                ),
            ],
        ),
        0..23,
    ),
)

--- Errors ---
[]
---
