---
source: src/tests/expr.rs
expression: "&snapshot"
---
--- Input ---
((testing)
---

None

--- Errors ---
[
    ParseError {
        span: 9..10,
        reason: ExpectedFound {
            expected: [
                Plus,
                Minus,
                Star,
                Slash,
                BangEq,
                Eq,
                EqEq,
                LessThan,
                GreaterThan,
                OpenParen,
                CloseParen,
                OpenBrace,
            ],
            found: Some(
                CloseParen,
            ),
        },
    },
]
---
