---
source: src/test.rs
expression: "&snapshot"
---
--- Input ---
if true then print("Hello Universe!") else print("Hello World!")
---

Some(
    (
        If {
            condition: (
                Ident("true"),
                3..7,
            ),
            then_branch: (
                Call(
                    (
                        Ident("print"),
                        13..18,
                    ),
                    [
                        (
                            String("Hello Universe!"),
                            19..36,
                        ),
                    ],
                ),
                13..37,
            ),
            else_branch: Some(
                (
                    Call(
                        (
                            Ident("print"),
                            43..48,
                        ),
                        [
                            (
                                String("Hello World!"),
                                49..63,
                            ),
                        ],
                    ),
                    43..64,
                ),
            ),
        },
        0..64,
    ),
)

--- Errors ---
[]
---
