---
source: src/tests/modules.rs
expression: "&snapshot"
---
--- Input ---
mod name
---

Some(
    Spanned(
        Module {
            name: Some(
                Spanned(
                    "name",
                    4..8,
                ),
            ),
            items: [],
        },
        0..8,
    ),
)

--- Errors ---
[
    ParseError {
        label: None,
        span: 2..8,
        reason: Unexpected,
        found: Eof,
        expected: [
            Semi,
            OpenBrace,
        ],
    },
]
---
