---
source: src/tests/expr.rs
expression: "&snapshot"
---
--- Input ---
{ {testing; }
---

None

--- Errors ---
[
    Error {
        label: Some(
            Block,
        ),
        span: 5..5,
        reason: Unexpected,
        found: Eof,
        expected: [
            Semi,
            Dot,
            Minus,
            Bang,
            Break,
            Continue,
            Func,
            If,
            Let,
            Loop,
            Mod,
            Return,
            OpenParen,
            OpenBrace,
            CloseBrace,
        ],
    },
]
---
