---
source: src/tests/expr.rs
expression: "&snapshot"
---
--- Input ---
if testing(,) then _
---

Some(
    Spanned(
        If {
            condition: Spanned(
                Call(
                    Spanned(
                        Ident("testing"),
                        3..10,
                    ),
                    [
                        Spanned(
                            Error,
                            10..13,
                        ),
                    ],
                ),
                3..13,
            ),
            then_branch: Spanned(
                Ident("_"),
                19..20,
            ),
            else_branch: None,
        },
        0..20,
    ),
)

--- Errors ---
[
    ParseError {
        span: 11..12,
        reason: ExpectedFound {
            expected: [
                CloseParen,
                Expression,
            ],
            found: Some(
                Comma,
            ),
        },
    },
]
---
