---
source: src/test.rs
expression: "&snapshot"
---
--- Input ---
{
	testing;
	testing;
}
---

Some(
    (
        Block(
            [
                Expr(
                    (
                        Ident("testing"),
                        3..10,
                    ),
                ),
                Expr(
                    (
                        Ident("testing"),
                        13..20,
                    ),
                ),
            ],
        ),
        0..23,
    ),
)

--- Errors ---
[]
---
