---
source: src/tests/modules.rs
expression: "&snapshot"
---
--- Input ---
mod out { let in_1 = 0;   mod test   let in_1 = 0; }
---

Some(
    Spanned(
        Module {
            name: Some(
                Spanned(
                    "out",
                    4..7,
                ),
            ),
            items: [
                Spanned(
                    Binding {
                        name: Spanned(
                            "in_1",
                            14..18,
                        ),
                        rhs: Spanned(
                            Int(0),
                            21..22,
                        ),
                    },
                    10..23,
                ),
                Spanned(
                    Module {
                        name: Some(
                            Spanned(
                                "test",
                                30..34,
                            ),
                        ),
                        items: [],
                    },
                    26..34,
                ),
                Spanned(
                    Binding {
                        name: Spanned(
                            "in_1",
                            41..45,
                        ),
                        rhs: Spanned(
                            Int(0),
                            48..49,
                        ),
                    },
                    37..50,
                ),
            ],
        },
        0..52,
    ),
)

--- Errors ---
[
    ParseError {
        span: 37..40,
        reason: ExpectedFound {
            expected: [
                Semi,
                OpenBrace,
            ],
            found: Some(
                Let,
            ),
        },
    },
]
---
