---
source: src/tests/expr.rs
expression: "&snapshot"
---
--- Input ---
if true == false then "Hello Universe!" else "Hello World!"
---

Some(
    Spanned(
        If {
            condition: Spanned(
                Binary(
                    Spanned(
                        Ident("true"),
                        3..7,
                    ),
                    Eq,
                    Spanned(
                        Ident("false"),
                        11..16,
                    ),
                ),
                3..16,
            ),
            then_branch: Spanned(
                String("Hello Universe!"),
                22..39,
            ),
            else_branch: Some(
                Spanned(
                    String("Hello World!"),
                    45..59,
                ),
            ),
        },
        0..59,
    ),
)

--- Errors ---
[]
---
