---
source: src/tests/expr.rs
expression: "&snapshot"
---
--- Input ---
testing(,)
---

Some(
    Spanned(
        Call(
            Spanned(
                Ident("testing"),
                0..7,
            ),
            [
                Spanned(
                    Error,
                    7..10,
                ),
            ],
        ),
        0..10,
    ),
)

--- Errors ---
[
    ParseError {
        span: 8..9,
        reason: ExpectedFound {
            expected: [
                CloseParen,
                Expression,
            ],
            found: Some(
                Comma,
            ),
        },
    },
]
---
