---
source: src/tests/expr.rs
expression: "&snapshot"
---
--- Input ---
1 == 1 + 2 / 3 != 0
---

Some(
    Spanned(
        Binary(
            Spanned(
                Binary(
                    Spanned(
                        Int(1),
                        0..1,
                    ),
                    Eq,
                    Spanned(
                        Binary(
                            Spanned(
                                Int(1),
                                5..6,
                            ),
                            Add,
                            Spanned(
                                Binary(
                                    Spanned(
                                        Int(2),
                                        9..10,
                                    ),
                                    Div,
                                    Spanned(
                                        Int(3),
                                        13..14,
                                    ),
                                ),
                                9..14,
                            ),
                        ),
                        5..14,
                    ),
                ),
                0..14,
            ),
            Neq,
            Spanned(
                Int(0),
                18..19,
            ),
        ),
        0..19,
    ),
)

--- Errors ---
[]
---
