---
source: src/tests/expr.rs
expression: "&snapshot"
---
--- Input ---
Record { name: "Record", fields: todo() }
---

Some(
    Spanned(
        Record {
            name: Some(
                Spanned(
                    "Record",
                    0..6,
                ),
            ),
            fields: [
                (
                    Spanned(
                        "name",
                        9..13,
                    ),
                    Spanned(
                        String("Record"),
                        15..23,
                    ),
                ),
                (
                    Spanned(
                        "fields",
                        25..31,
                    ),
                    Spanned(
                        Call(
                            Spanned(
                                Ident("todo"),
                                33..37,
                            ),
                            [],
                        ),
                        33..39,
                    ),
                ),
            ],
        },
        0..41,
    ),
)

--- Errors ---
[]
---
