---
source: src/tests/expr.rs
expression: "&snapshot"
---
--- Input ---
{ {testing; }
---

None

--- Errors ---
[
    ParseError {
        span: 12..13,
        reason: ExpectedFound {
            expected: [
                Semi,
                Module,
            ],
            found: Some(
                CloseBrace,
            ),
        },
    },
]
---
