---
source: crates/rym_parser/src/tests/mod.rs
expression: "format!(\"---\\n{src}\\n---\\n\\n{result:?}\")"
---
---
{
	fn(a, b) {
		get_fn[](arg0, { 0 });
		{ inside }(arg1)(arg2);
	}
}                                              ()
---

ParseResult { ast: Some(Spanned(Block(Spanned([], 0..69)), 0..69)), errors: [] }
