---
source: crates/rym_parser/src/tests/expr.rs
expression: "&snapshot"
---
--- Input ---
lhs * rhs
---

Some(
    Spanned(
        Binary(
            Spanned(
                Ident(
                    Spanned(
                        "lhs",
                        0..3,
                    ),
                ),
                0..3,
            ),
            Mul,
            Spanned(
                Ident(
                    Spanned(
                        "rhs",
                        6..9,
                    ),
                ),
                6..9,
            ),
        ),
        0..9,
    ),
)

--- Errors ---
[]
---
