---
source: crates/rym_parser/src/tests/expr.rs
expression: "&snapshot"
---
--- Input ---
if true then { print("Hello Universe!"); } else { print("Hello World!"); }
---

Some(
    Spanned(
        If {
            condition: Spanned(
                Ident(
                    Spanned(
                        "true",
                        3..7,
                    ),
                ),
                3..7,
            ),
            then_branch: Spanned(
                Block(
                    Spanned(
                        [
                            Spanned(
                                Call {
                                    func: Spanned(
                                        Ident(
                                            Spanned(
                                                "print",
                                                15..20,
                                            ),
                                        ),
                                        15..20,
                                    ),
                                    args: Spanned(
                                        [
                                            Spanned(
                                                Literal(
                                                    Spanned(
                                                        String("Hello Universe!"),
                                                        21..38,
                                                    ),
                                                ),
                                                21..38,
                                            ),
                                        ],
                                        20..39,
                                    ),
                                },
                                15..40,
                            ),
                        ],
                        13..42,
                    ),
                ),
                13..42,
            ),
            else_branch: Some(
                Spanned(
                    Block(
                        Spanned(
                            [
                                Spanned(
                                    Call {
                                        func: Spanned(
                                            Ident(
                                                Spanned(
                                                    "print",
                                                    50..55,
                                                ),
                                            ),
                                            50..55,
                                        ),
                                        args: Spanned(
                                            [
                                                Spanned(
                                                    Literal(
                                                        Spanned(
                                                            String("Hello World!"),
                                                            56..70,
                                                        ),
                                                    ),
                                                    56..70,
                                                ),
                                            ],
                                            55..71,
                                        ),
                                    },
                                    50..72,
                                ),
                            ],
                            48..74,
                        ),
                    ),
                    48..74,
                ),
            ),
        },
        0..74,
    ),
)

--- Errors ---
[]
---
