---
source: crates/rym_parser/src/tests/expr.rs
expression: "&snapshot"
---
--- Input ---
 "Hello World!\n" 
---

Some(
    Spanned(
        Literal(
            Spanned(
                String("Hello World!\n"),
                1..17,
            ),
        ),
        1..17,
    ),
)

--- Errors ---
[]
---
