---
source: crates/rym_parser/src/tests/functions.rs
expression: "&snapshot"
---
--- Input ---
func empty() {}
---

Some(
    Spanned(
        Func {
            name: Spanned(
                "empty",
                5..10,
            ),
            params: [],
            rhs: Some(
                Spanned(
                    Block(
                        Spanned(
                            [],
                            13..15,
                        ),
                    ),
                    13..15,
                ),
            ),
        },
        0..15,
    ),
)

--- Errors ---
[]
---
