---
source: src/tests/expr.rs
expression: "&snapshot"
---
--- Input ---
---3
---

Some(
    Spanned(
        Unary(
            Neg,
            Spanned(
                Unary(
                    Neg,
                    Spanned(
                        Unary(
                            Neg,
                            Spanned(
                                Int(3),
                                3..4,
                            ),
                        ),
                        2..4,
                    ),
                ),
                1..4,
            ),
        ),
        0..4,
    ),
)

--- Errors ---
[]
---
