---
source: crates/rym_parser/src/tests/modules.rs
expression: "&snapshot"
---
--- Input ---
mod
---

None

--- Errors ---
[
    ParseError {
        span: 1..3,
        reason: ExpectedFound {
            expected: [
                Function,
                Module,
                Binding,
            ],
            found: None,
        },
    },
]
---
