---
source: crates/rym_parser/src/tests/expr.rs
expression: "&snapshot"
---
--- Input ---
!false
---

Some(
    Spanned(
        Unary(
            Not,
            Spanned(
                Ident(
                    Spanned(
                        "false",
                        1..6,
                    ),
                ),
                1..6,
            ),
        ),
        0..6,
    ),
)

--- Errors ---
[]
---
