---
source: src/tests/expr.rs
expression: "&snapshot"
---
--- Input ---
lhs != rhs
---

Some(
    Spanned(
        Binary(
            Spanned(
                Ident("lhs"),
                0..3,
            ),
            Neq,
            Spanned(
                Ident("rhs"),
                7..10,
            ),
        ),
        0..10,
    ),
)

--- Errors ---
[]
---
