---
source: crates/rym_parser/src/tests/expr.rs
expression: "&snapshot"
---
--- Input ---
if testing(1, {2, 3) then _
---

Some(
    Spanned(
        If {
            condition: Spanned(
                Call {
                    func: Spanned(
                        Ident(
                            Spanned(
                                "testing",
                                3..10,
                            ),
                        ),
                        3..10,
                    ),
                    args: Spanned(
                        [
                            Spanned(
                                Error,
                                10..20,
                            ),
                        ],
                        10..20,
                    ),
                },
                3..20,
            ),
            then_branch: Spanned(
                Ident(
                    Spanned(
                        "_",
                        26..27,
                    ),
                ),
                26..27,
            ),
            else_branch: None,
        },
        0..27,
    ),
)

--- Errors ---
[
    ParseError {
        span: 16..17,
        reason: ExpectedFound {
            expected: [
                Semi,
                Plus,
                Minus,
                Star,
                Slash,
                Eq,
                OpenParen,
            ],
            found: Some(
                Comma,
            ),
        },
    },
]
---
