---
source: crates/rym_parser/src/tests/examples.rs
expression: "&snapshot"
---
--- Input ---
// This is a comment
print("What's your name?");
let name: String = read_line(stdin);
print("Hi, ", name, "!");
---

Some(
    [
        Spanned(
            Call {
                func: Spanned(
                    Ident(
                        Spanned(
                            "print",
                            21..26,
                        ),
                    ),
                    21..26,
                ),
                args: Spanned(
                    [
                        Spanned(
                            Literal(
                                Spanned(
                                    String("What's your name?"),
                                    27..46,
                                ),
                            ),
                            27..46,
                        ),
                    ],
                    26..47,
                ),
            },
            21..48,
        ),
        Spanned(
            Var {
                name: Spanned(
                    "name",
                    53..57,
                ),
                rhs: Spanned(
                    Call {
                        func: Spanned(
                            Ident(
                                Spanned(
                                    "read_line",
                                    68..77,
                                ),
                            ),
                            68..77,
                        ),
                        args: Spanned(
                            [
                                Spanned(
                                    Ident(
                                        Spanned(
                                            "stdin",
                                            78..83,
                                        ),
                                    ),
                                    78..83,
                                ),
                            ],
                            77..84,
                        ),
                    },
                    68..84,
                ),
            },
            49..85,
        ),
        Spanned(
            Call {
                func: Spanned(
                    Ident(
                        Spanned(
                            "print",
                            86..91,
                        ),
                    ),
                    86..91,
                ),
                args: Spanned(
                    [
                        Spanned(
                            Literal(
                                Spanned(
                                    String("Hi, "),
                                    92..98,
                                ),
                            ),
                            92..98,
                        ),
                        Spanned(
                            Ident(
                                Spanned(
                                    "name",
                                    100..104,
                                ),
                            ),
                            100..104,
                        ),
                        Spanned(
                            Literal(
                                Spanned(
                                    String("!"),
                                    106..109,
                                ),
                            ),
                            106..109,
                        ),
                    ],
                    91..110,
                ),
            },
            86..111,
        ),
    ],
)

--- Errors ---
[]
---
