---
source: crates/rym_parser/src/tests/expr.rs
expression: "&snapshot"
---
--- Input ---
{ (testing; }
---

Some(
    Spanned(
        Block(
            Spanned(
                [],
                0..13,
            ),
        ),
        0..13,
    ),
)

--- Errors ---
[
    ParseError {
        span: 10..11,
        reason: ExpectedFound {
            expected: [
                Plus,
                Minus,
                Star,
                Slash,
                Eq,
                OpenParen,
                CloseParen,
                OpenBrace,
            ],
            found: Some(
                Semi,
            ),
        },
    },
]
---
