---
source: crates/rym_parser/src/tests/expr.rs
expression: "&snapshot"
---
--- Input ---
9_999_999_999_999.999_999_999
---

Some(
    Spanned(
        Literal(
            Spanned(
                Float(10000000000000),
                0..29,
            ),
        ),
        0..29,
    ),
)

--- Errors ---
[]
---
