---
source: crates/rym_parser/src/tests/expr.rs
expression: "&snapshot"
---
--- Input ---
823_472_340_983_273_327
---

Some(
    Spanned(
        Literal(
            Spanned(
                Int(823472340983273327),
                0..23,
            ),
        ),
        0..23,
    ),
)

--- Errors ---
[]
---
