---
source: src/test.rs
expression: "&snapshot"
---
--- Input ---
(testing;)
---

Some(
    (
        Error,
        0..10,
    ),
)

--- Errors ---
[
    Error {
        label: Some(
            Expression,
        ),
        span: 8..9,
        reason: Unexpected,
        found: Semi,
        expected: [
            Plus,
            Minus,
            Star,
            Slash,
            BangEq,
            EqEq,
            LessThan,
            GreaterThan,
            OpenParen,
            CloseParen,
        ],
    },
]
---
