---
source: src/test.rs
expression: "&snapshot"
---
---
if stuff_goes_right(1, 2, 9) then {
	print("Hello Universe!");
	20;
} else {
	print("Hello World!");
	10;
}
---

Ok(
    (
        If {
            condition: (
                Call(
                    (
                        Ident("stuff_goes_right"),
                        3..19,
                    ),
                    [
                        (
                            Int(1),
                            20..21,
                        ),
                        (
                            Int(2),
                            23..24,
                        ),
                        (
                            Int(9),
                            26..27,
                        ),
                    ],
                ),
                3..28,
            ),
            then_branch: (
                Block(
                    [
                        Expr(
                            (
                                Call(
                                    (
                                        Ident("print"),
                                        37..42,
                                    ),
                                    [
                                        (
                                            String("Hello Universe!"),
                                            43..60,
                                        ),
                                    ],
                                ),
                                37..61,
                            ),
                        ),
                        Expr(
                            (
                                Int(20),
                                64..66,
                            ),
                        ),
                    ],
                ),
                34..69,
            ),
            else_branch: (
                Block(
                    [
                        Expr(
                            (
                                Call(
                                    (
                                        Ident("print"),
                                        78..83,
                                    ),
                                    [
                                        (
                                            String("Hello World!"),
                                            84..98,
                                        ),
                                    ],
                                ),
                                78..99,
                            ),
                        ),
                        Expr(
                            (
                                Int(10),
                                102..104,
                            ),
                        ),
                    ],
                ),
                75..107,
            ),
        },
        0..107,
    ),
)
