---
source: src/test.rs
expression: "&snapshot"
---
--- Input ---
{ testing ]
---

None

--- Errors ---
[
    Report {
        label: Some(
            Expression,
        ),
        span: 10..11,
        reason: Unexpected,
        found: CloseBracket,
        expected: [
            Semi,
            BangEq,
            EqEq,
            Minus,
            Plus,
            Slash,
            Star,
            OpenParen,
        ],
    },
]
---
