---
source: src/test.rs
expression: "&snapshot"
---
--- Input ---
lhs / rhs
---

Some(
    (
        Binary(
            (
                Ident("lhs"),
                0..3,
            ),
            Div,
            (
                Ident("rhs"),
                6..9,
            ),
        ),
        0..9,
    ),
)

--- Errors ---
[]
---
