---
source: src/test.rs
expression: "&snapshot"
---
--- Input ---
testing(,)(correct_one, 2)(, aerr, "stuff")
---

Some(
    (
        Call(
            (
                Call(
                    (
                        Call(
                            (
                                Ident("testing"),
                                0..7,
                            ),
                            [
                                (
                                    Error,
                                    7..10,
                                ),
                            ],
                        ),
                        0..10,
                    ),
                    [
                        (
                            Ident("correct_one"),
                            11..22,
                        ),
                        (
                            Int(2),
                            24..25,
                        ),
                    ],
                ),
                0..26,
            ),
            [
                (
                    Error,
                    26..43,
                ),
            ],
        ),
        0..43,
    ),
)

--- Errors ---
[
    Report {
        label: Some(
            "expression",
        ),
        span: 8..9,
        reason: Unexpected,
        expected: [
            Some(
                Dot,
            ),
            Some(
                Minus,
            ),
            Some(
                Bang,
            ),
            Some(
                If,
            ),
            Some(
                OpenParen,
            ),
            Some(
                OpenBrace,
            ),
            Some(
                CloseParen,
            ),
        ],
        found: Some(
            Comma,
        ),
    },
    Report {
        label: Some(
            "expression",
        ),
        span: 27..28,
        reason: Unexpected,
        expected: [
            Some(
                Dot,
            ),
            Some(
                Minus,
            ),
            Some(
                Bang,
            ),
            Some(
                If,
            ),
            Some(
                OpenParen,
            ),
            Some(
                OpenBrace,
            ),
            Some(
                CloseParen,
            ),
        ],
        found: Some(
            Comma,
        ),
    },
]
---
