---
source: src/test.rs
expression: "&snapshot"
---
--- Input ---
{ {testing; }
---

None

--- Errors ---
[
    Error {
        label: Some(
            Block,
        ),
        span: 0..0,
        reason: Unexpected,
        found: Eof,
        expected: [
            Semi,
        ],
    },
]
---
