---
source: src/test.rs
expression: "&snapshot"
---
--- Input ---
(testing}
---

None

--- Errors ---
[
    Report {
        label: Some(
            Expression,
        ),
        span: 8..9,
        reason: Unexpected,
        found: CloseBrace,
        expected: [
            CloseParen,
            BangEq,
            EqEq,
            Minus,
            Plus,
            Slash,
            Star,
            OpenParen,
        ],
    },
]
---
