---
source: src/test.rs
expression: "&snapshot"
---
--- Input ---
(testing}
---

None

--- Errors ---
[
    Error {
        label: Some(
            Expression,
        ),
        span: 8..9,
        reason: Unexpected,
        found: CloseBrace,
        expected: [
            Plus,
            Minus,
            Star,
            Slash,
            BangEq,
            EqEq,
            LessThan,
            GreaterThan,
            OpenParen,
            CloseParen,
        ],
    },
]
---
