---
source: src/test.rs
expression: "&snapshot"
---
--- Input ---
testing(1, {2, 3)
---

Some(
    (
        Call(
            (
                Ident("testing"),
                0..7,
            ),
            [
                (
                    Error,
                    7..17,
                ),
            ],
        ),
        0..17,
    ),
)

--- Errors ---
[
    Error {
        label: Some(
            Expression,
        ),
        span: 13..14,
        reason: Unexpected,
        found: Comma,
        expected: [
            Semi,
            Plus,
            Minus,
            Star,
            Slash,
            BangEq,
            EqEq,
            LessThan,
            GreaterThan,
            OpenParen,
        ],
    },
]
---
