---
source: src/test.rs
expression: "&snapshot"
---
--- Input ---
testing(,)
---

Some(
    (
        Call(
            (
                Ident("testing"),
                0..7,
            ),
            [
                (
                    Error,
                    7..10,
                ),
            ],
        ),
        0..10,
    ),
)

--- Errors ---
[
    Error {
        label: Some(
            Expression,
        ),
        span: 8..9,
        reason: Unexpected,
        found: Comma,
        expected: [
            Dot,
            Minus,
            Bang,
            If,
            OpenParen,
            CloseParen,
            OpenBrace,
        ],
    },
]
---
