---
source: src/test.rs
expression: "&snapshot"
---
--- Input ---
---3
---

Some(
    (
        Unary(
            Neg,
            (
                Unary(
                    Neg,
                    (
                        Unary(
                            Neg,
                            (
                                Int(3),
                                3..4,
                            ),
                        ),
                        2..4,
                    ),
                ),
                1..4,
            ),
        ),
        0..4,
    ),
)

--- Errors ---
[]
---
