---
source: src/test.rs
expression: "&snapshot"
---
--- Input ---
{ testing }
---

Some(
    (
        Block(
            [
                Error,
            ],
        ),
        0..11,
    ),
)

--- Errors ---
[
    Report {
        label: None,
        span: 10..11,
        reason: Unexpected,
        expected: [
            Some(
                Semi,
            ),
            Some(
                Plus,
            ),
            Some(
                Minus,
            ),
            Some(
                Star,
            ),
            Some(
                Slash,
            ),
            Some(
                BangEq,
            ),
            Some(
                EqEq,
            ),
            Some(
                OpenParen,
            ),
        ],
        found: Some(
            CloseBrace,
        ),
    },
]
---
